[1m* Checking OpenSCAD presence...[0m
[31mCan't run openscad -v, disabling OpenSCAD support[0m
[34mTIP: consider installing openscad:[0m
[34mLinux:[0m
[34msudo add-apt-repository ppa:openscad/releases[0m
[34msudo apt-get update[0m
[34msudo apt-get install openscad[0m
[34mWindows:[0m
[34mgo to: https://openscad.org/downloads.html [0m
[1m* Checking MeshLab presence...[0m
[31mNo /usr/bin/meshlabserver, disabling STL simplification support[0m
[34mTIP: consider installing meshlab:[0m
[34msudo apt-get install meshlab[0m

[1m* Retrieving workspace ID ...[0m
[32m+ Using workspace id: b266ba12fb2196794e338e47[0m

[1m* Retrieving elements in the document, searching for the assembly...[0m
[32m+ Found assembly, id: 90d9c25c3d51940f83dd0d1d, name: "group_feature_parent_gchild"[0m

[1m* Retrieving assembly "group_feature_parent_gchild" with id 90d9c25c3d51940f83dd0d1d[0m

got a group:{'id': 'MT2Rp1gN9UUJchI80', 'featureType': 'mateGroup', 'suppressed': False, 'featureData': {'occurrences': [{'occurrence': ['M8jLQyBFLi6tSFcxt']}, {'occurrence': ['Mt2PeQQ3TCFnj+2p5']}], 'name': 'Group 1'}}

get_part_transforms_and_fetuses::relations::[{'child': ['Mt2PeQQ3TCFnj+2p5'], 'parent': ['MihPu6HAGBnjKYD02'], 'feature': {'id': 'MrUugQavTpHxoEUZi', 'featureType': 'mate', 'suppressed': False, 'featureData': {'mateType': 'REVOLUTE', 'matedEntities': [{'matedOccurrence': ['Mt2PeQQ3TCFnj+2p5'], 'matedCS': {'xAxis': [0.0, 1.0, 0.0], 'yAxis': [0.0, 0.0, 1.0], 'zAxis': [1.0, 0.0, 0.0], 'origin': [0.01, -6.123233995736765e-19, 0.0]}}, {'matedOccurrence': ['MihPu6HAGBnjKYD02'], 'matedCS': {'xAxis': [0.0, 1.0, 0.0], 'yAxis': [0.0, 0.0, -1.0], 'zAxis': [-1.0, -0.0, -0.0], 'origin': [0.01, 0.05, 3.469446951953614e-18]}}], 'name': 'Revolute 1'}}, 'assemblyInfo': {'fullConfiguration': 'default', 'documentId': '4c123e206d9df8dc2babe3a8', 'assemblyId': '90d9c25c3d51940f83dd0d1d'}, 'assemblyInstanceId': None}]
[32m+ Adding part link <1>[0m



instance_id::['MihPu6HAGBnjKYD02']
groups::[{'parts': ['M8jLQyBFLi6tSFcxt', 'Mt2PeQQ3TCFnj+2p5'], 'feature': {'id': 'MT2Rp1gN9UUJchI80', 'featureType': 'mateGroup', 'suppressed': False, 'featureData': {'occurrences': [{'occurrence': ['M8jLQyBFLi6tSFcxt']}, {'occurrence': ['Mt2PeQQ3TCFnj+2p5']}], 'name': 'Group 1'}}}]
instance_id == r['parent']|::True
parent is a part
parent is a part and child is a group
there_is_a_relation!
child_reference in group::p::Part(unique_id=UUID('c69a2d3a-a0b6-45f2-9c50-755debe5c359'), instance_id=['Mt2PeQQ3TCFnj+2p5'], instance_id_str='Mt2PeQQ3TCFnj+2p5', link_name='link_3', occurence={'fixed': False, 'transform': [0.0, -1.0, -1.9721522630525295e-31, -0.05, 1.5407439555098024e-32, 1.9721522630525295e-31, 1.0000000000000013, -3.469446951953614e-18, -1.0000000000000013, 0.0, -1.540743955509802e-32, 0.020000000000000018, 0.0, 0.0, 0.0, 1.0], 'hidden': False, 'path': ['Mt2PeQQ3TCFnj+2p5'], 'instance': {'isStandardContent': False, 'id': 'Mt2PeQQ3TCFnj+2p5', 'type': 'Part', 'name': 'link <2>', 'suppressed': False, 'partId': 'JHD', 'fullConfiguration': 'default', 'configuration': 'default', 'documentId': '4c123e206d9df8dc2babe3a8', 'elementId': 'dc9b79423f2a737a4d812ba1', 'documentMicroversion': 'bc58a34ca611f9158a53ba93'}, 'linkName': None}, transform=[0.0, -1.0, -1.9721522630525295e-31, -0.05, 1.5407439555098024e-32, 1.9721522630525295e-31, 1.0000000000000013, -3.469446951953614e-18, -1.0000000000000013, 0.0, -1.540743955509802e-32, 0.020000000000000018, 0.0, 0.0, 0.0, 1.0], joint=None, parent=None, relative_pose=[])
create_model::base_part::Part(unique_id=UUID('0bafa507-7e97-4144-856c-e8b84c3e4ffc'), instance_id=['MihPu6HAGBnjKYD02'], instance_id_str='MihPu6HAGBnjKYD02', link_name='base', occurence={'fixed': True, 'transform': [0.0, -1.0, 1.4791141972893963e-31, -8.673617379884035e-19, -2.465190328815675e-32, 1.4791141972893963e-31, -1.0000000000000009, 0.0, 1.0000000000000009, 0.0, 2.465190328815675e-32, 0.0, 0.0, 0.0, 0.0, 1.0], 'hidden': False, 'path': ['MihPu6HAGBnjKYD02'], 'instance': {'isStandardContent': False, 'id': 'MihPu6HAGBnjKYD02', 'type': 'Part', 'name': 'link <1>', 'suppressed': False, 'partId': 'JHD', 'fullConfiguration': 'default', 'configuration': 'default', 'documentId': '4c123e206d9df8dc2babe3a8', 'elementId': 'dc9b79423f2a737a4d812ba1', 'documentMicroversion': 'bc58a34ca611f9158a53ba93'}, 'linkName': None}, transform=[0.0, -1.0, 1.4791141972893963e-31, -8.673617379884035e-19, -2.465190328815675e-32, 1.4791141972893963e-31, -1.0000000000000009, 0.0, 1.0000000000000009, 0.0, 2.465190328815675e-32, 0.0, 0.0, 0.0, 0.0, 1.0], joint=None, parent=None, relative_pose=[])
[100m base MihPu6HAGBnjKYD02 [0m
           |
[100m link Mt2PeQQ3TCFnj+2p5 [0m
part::link_namebase
child_part is a group!
child_part is a group::reference_part::Part(unique_id=UUID('c69a2d3a-a0b6-45f2-9c50-755debe5c359'), instance_id=['Mt2PeQQ3TCFnj+2p5'], instance_id_str='Mt2PeQQ3TCFnj+2p5', link_name='link_3', occurence={'fixed': False, 'transform': [0.0, -1.0, -1.9721522630525295e-31, -0.05, 1.5407439555098024e-32, 1.9721522630525295e-31, 1.0000000000000013, -3.469446951953614e-18, -1.0000000000000013, 0.0, -1.540743955509802e-32, 0.020000000000000018, 0.0, 0.0, 0.0, 1.0], 'hidden': False, 'path': ['Mt2PeQQ3TCFnj+2p5'], 'instance': {'isStandardContent': False, 'id': 'Mt2PeQQ3TCFnj+2p5', 'type': 'Part', 'name': 'link <2>', 'suppressed': False, 'partId': 'JHD', 'fullConfiguration': 'default', 'configuration': 'default', 'documentId': '4c123e206d9df8dc2babe3a8', 'elementId': 'dc9b79423f2a737a4d812ba1', 'documentMicroversion': 'bc58a34ca611f9158a53ba93'}, 'linkName': None}, transform=[0.0, -1.0, -1.9721522630525295e-31, -0.05, 1.5407439555098024e-32, 1.9721522630525295e-31, 1.0000000000000013, -3.469446951953614e-18, -1.0000000000000013, 0.0, -1.540743955509802e-32, 0.020000000000000018, 0.0, 0.0, 0.0, 1.0], joint=JointData(assemblyInfo={'fullConfiguration': 'default', 'documentId': '4c123e206d9df8dc2babe3a8', 'assemblyId': '90d9c25c3d51940f83dd0d1d'}, feature={'id': 'MrUugQavTpHxoEUZi', 'featureType': 'mate', 'suppressed': False, 'featureData': {'mateType': 'REVOLUTE', 'matedEntities': [{'matedOccurrence': ['Mt2PeQQ3TCFnj+2p5'], 'matedCS': {'xAxis': [0.0, 1.0, 0.0], 'yAxis': [0.0, 0.0, 1.0], 'zAxis': [1.0, 0.0, 0.0], 'origin': [0.01, -6.123233995736765e-19, 0.0]}}, {'matedOccurrence': ['MihPu6HAGBnjKYD02'], 'matedCS': {'xAxis': [0.0, 1.0, 0.0], 'yAxis': [0.0, 0.0, -1.0], 'zAxis': [-1.0, -0.0, -0.0], 'origin': [0.01, 0.05, 3.469446951953614e-18]}}], 'name': 'Revolute 1'}}, z_axis=array([0, 0, 1]), name='Revolute 1', j_type='REVOLUTE'), parent=None, relative_pose=[])
part.reference_part::link_namelink_3
part.reference_part::jointJointData(assemblyInfo={'fullConfiguration': 'default', 'documentId': '4c123e206d9df8dc2babe3a8', 'assemblyId': '90d9c25c3d51940f83dd0d1d'}, feature={'id': 'MrUugQavTpHxoEUZi', 'featureType': 'mate', 'suppressed': False, 'featureData': {'mateType': 'REVOLUTE', 'matedEntities': [{'matedOccurrence': ['Mt2PeQQ3TCFnj+2p5'], 'matedCS': {'xAxis': [0.0, 1.0, 0.0], 'yAxis': [0.0, 0.0, 1.0], 'zAxis': [1.0, 0.0, 0.0], 'origin': [0.01, -6.123233995736765e-19, 0.0]}}, {'matedOccurrence': ['MihPu6HAGBnjKYD02'], 'matedCS': {'xAxis': [0.0, 1.0, 0.0], 'yAxis': [0.0, 0.0, -1.0], 'zAxis': [-1.0, -0.0, -0.0], 'origin': [0.01, 0.05, 3.469446951953614e-18]}}], 'name': 'Revolute 1'}}, z_axis=array([0, 0, 1]), name='Revolute 1', j_type='REVOLUTE')
[33mWARNING: joint Revolute 1 of type revolute has no limits [0m
