[1m* Checking OpenSCAD presence...[0m
[31mCan't run openscad -v, disabling OpenSCAD support[0m
[34mTIP: consider installing openscad:[0m
[34mLinux:[0m
[34msudo add-apt-repository ppa:openscad/releases[0m
[34msudo apt-get update[0m
[34msudo apt-get install openscad[0m
[34mWindows:[0m
[34mgo to: https://openscad.org/downloads.html [0m
[1m* Checking MeshLab presence...[0m
[31mNo /usr/bin/meshlabserver, disabling STL simplification support[0m
[34mTIP: consider installing meshlab:[0m
[34msudo apt-get install meshlab[0m

[1m* Retrieving workspace ID ...[0m
[32m+ Using workspace id: b266ba12fb2196794e338e47[0m

[1m* Retrieving elements in the document, searching for the assembly...[0m
[32m+ Found assembly, id: 0359c395f75661d6f9b8ab24, name: "group_feature"[0m

[1m* Retrieving assembly "group_feature" with id 0359c395f75661d6f9b8ab24[0m

got a group:{'id': 'MTeFIwZglwUWGpURe', 'featureType': 'mateGroup', 'suppressed': False, 'featureData': {'occurrences': [{'occurrence': ['MtC5j/PhtISayxhFN']}, {'occurrence': ['MjxOBJmHoE+UDgt2t']}], 'name': 'Group 1'}}

get_part_transforms_and_fetuses::relations::[{'child': ['M3LzZwfW1kt4TKELi'], 'parent': ['MjxOBJmHoE+UDgt2t'], 'feature': {'id': 'MIdliV8PADYS9uZN+', 'featureType': 'mate', 'suppressed': False, 'featureData': {'mateType': 'REVOLUTE', 'matedEntities': [{'matedOccurrence': ['M3LzZwfW1kt4TKELi'], 'matedCS': {'xAxis': [0.0, 1.0, 0.0], 'yAxis': [0.0, 0.0, 1.0], 'zAxis': [1.0, 0.0, 0.0], 'origin': [0.01, -6.123233995736765e-19, 0.0]}}, {'matedOccurrence': ['MjxOBJmHoE+UDgt2t'], 'matedCS': {'xAxis': [0.0, 1.0, 0.0], 'yAxis': [0.0, -0.0, 1.0], 'zAxis': [1.0, -0.0, -0.0], 'origin': [0.0, 0.05, 3.469446951953614e-18]}}], 'name': 'Revolute 1'}}, 'assemblyInfo': {'fullConfiguration': 'default', 'documentId': '4c123e206d9df8dc2babe3a8', 'assemblyId': '0359c395f75661d6f9b8ab24'}, 'assemblyInstanceId': None}]
create_parts_tree::Initialization::occ::{'fixed': True, 'hidden': False, 'transform': [0.0, 0.3482150687859533, 0.93741467124768, -0.01741075343929767, 0.0, -0.93741467124768, 0.3482150687859533, 0.046870733562384, 1.0, 0.0, 0.0, -0.009999999999999992, 0.0, 0.0, 0.0, 1.0], 'path': ['MtC5j/PhtISayxhFN'], 'instance': {'isStandardContent': False, 'type': 'Part', 'id': 'MtC5j/PhtISayxhFN', 'name': 'link <1>', 'suppressed': False, 'partId': 'JHD', 'fullConfiguration': 'default', 'configuration': 'default', 'documentId': '4c123e206d9df8dc2babe3a8', 'elementId': 'dc9b79423f2a737a4d812ba1', 'documentMicroversion': 'daefbef2ea40aa17f9d67327'}, 'linkName': None}
create_parts_tree::Initialization::occ::{'fixed': False, 'hidden': False, 'transform': [0.0, -0.3482150687859533, 0.9374146712476804, -0.01741075343929767, 0.0, 0.93741467124768, 0.3482150687859539, 0.046870733562384, -1.0000000000000004, 0.0, 0.0, 0.010000000000000005, 0.0, 0.0, 0.0, 1.0], 'path': ['MjxOBJmHoE+UDgt2t'], 'instance': {'isStandardContent': False, 'type': 'Part', 'id': 'MjxOBJmHoE+UDgt2t', 'name': 'link <2>', 'suppressed': False, 'partId': 'JHD', 'fullConfiguration': 'default', 'configuration': 'default', 'documentId': '4c123e206d9df8dc2babe3a8', 'elementId': 'dc9b79423f2a737a4d812ba1', 'documentMicroversion': 'daefbef2ea40aa17f9d67327'}, 'linkName': None}
[32m+ Adding part link <1>[0m
[32m+ Adding part link <2>[0m



instance_id::['MtC5j/PhtISayxhFN']
groups::[{'parts': ['MtC5j/PhtISayxhFN', 'MjxOBJmHoE+UDgt2t'], 'feature': {'id': 'MTeFIwZglwUWGpURe', 'featureType': 'mateGroup', 'suppressed': False, 'featureData': {'occurrences': [{'occurrence': ['MtC5j/PhtISayxhFN']}, {'occurrence': ['MjxOBJmHoE+UDgt2t']}], 'name': 'Group 1'}}}]
instance_id == r['parent']|::False
create_parts_tree::occurences_in_root[relations]::[{'child': ['M3LzZwfW1kt4TKELi'], 'parent': ['MjxOBJmHoE+UDgt2t'], 'feature': {'id': 'MIdliV8PADYS9uZN+', 'featureType': 'mate', 'suppressed': False, 'featureData': {'mateType': 'REVOLUTE', 'matedEntities': [{'matedOccurrence': ['M3LzZwfW1kt4TKELi'], 'matedCS': {'xAxis': [0.0, 1.0, 0.0], 'yAxis': [0.0, 0.0, 1.0], 'zAxis': [1.0, 0.0, 0.0], 'origin': [0.01, -6.123233995736765e-19, 0.0]}}, {'matedOccurrence': ['MjxOBJmHoE+UDgt2t'], 'matedCS': {'xAxis': [0.0, 1.0, 0.0], 'yAxis': [0.0, -0.0, 1.0], 'zAxis': [1.0, -0.0, -0.0], 'origin': [0.0, 0.05, 3.469446951953614e-18]}}], 'name': 'Revolute 1'}}, 'assemblyInfo': {'fullConfiguration': 'default', 'documentId': '4c123e206d9df8dc2babe3a8', 'assemblyId': '0359c395f75661d6f9b8ab24'}, 'assemblyInstanceId': None, 'child_group': None, 'parent_group': {'parts': ['MtC5j/PhtISayxhFN', 'MjxOBJmHoE+UDgt2t'], 'feature': {'id': 'MTeFIwZglwUWGpURe', 'featureType': 'mateGroup', 'suppressed': False, 'featureData': {'occurrences': [{'occurrence': ['MtC5j/PhtISayxhFN']}, {'occurrence': ['MjxOBJmHoE+UDgt2t']}], 'name': 'Group 1'}}}, 'child_is_part_of_group': False, 'parent_is_part_of_group': True}]
create_parts_tree::relations::[{'child': ['M3LzZwfW1kt4TKELi'], 'parent': ['MjxOBJmHoE+UDgt2t'], 'feature': {'id': 'MIdliV8PADYS9uZN+', 'featureType': 'mate', 'suppressed': False, 'featureData': {'mateType': 'REVOLUTE', 'matedEntities': [{'matedOccurrence': ['M3LzZwfW1kt4TKELi'], 'matedCS': {'xAxis': [0.0, 1.0, 0.0], 'yAxis': [0.0, 0.0, 1.0], 'zAxis': [1.0, 0.0, 0.0], 'origin': [0.01, -6.123233995736765e-19, 0.0]}}, {'matedOccurrence': ['MjxOBJmHoE+UDgt2t'], 'matedCS': {'xAxis': [0.0, 1.0, 0.0], 'yAxis': [0.0, -0.0, 1.0], 'zAxis': [1.0, -0.0, -0.0], 'origin': [0.0, 0.05, 3.469446951953614e-18]}}], 'name': 'Revolute 1'}}, 'assemblyInfo': {'fullConfiguration': 'default', 'documentId': '4c123e206d9df8dc2babe3a8', 'assemblyId': '0359c395f75661d6f9b8ab24'}, 'assemblyInstanceId': None, 'child_group': None, 'parent_group': {'parts': ['MtC5j/PhtISayxhFN', 'MjxOBJmHoE+UDgt2t'], 'feature': {'id': 'MTeFIwZglwUWGpURe', 'featureType': 'mateGroup', 'suppressed': False, 'featureData': {'occurrences': [{'occurrence': ['MtC5j/PhtISayxhFN']}, {'occurrence': ['MjxOBJmHoE+UDgt2t']}], 'name': 'Group 1'}}}, 'child_is_part_of_group': False, 'parent_is_part_of_group': True}]
there_is_a_relation!
create_parts_tree::child::['M3LzZwfW1kt4TKELi']
child is a simple part and not group
[32m+ Adding part link <3>[0m



instance_id::['M3LzZwfW1kt4TKELi']
groups::[{'parts': ['MtC5j/PhtISayxhFN', 'MjxOBJmHoE+UDgt2t'], 'feature': {'id': 'MTeFIwZglwUWGpURe', 'featureType': 'mateGroup', 'suppressed': False, 'featureData': {'occurrences': [{'occurrence': ['MtC5j/PhtISayxhFN']}, {'occurrence': ['MjxOBJmHoE+UDgt2t']}], 'name': 'Group 1'}}}]
instance_id == r['parent']|::False
create_parts_tree::occurences_in_root[relations]::[{'child': ['M3LzZwfW1kt4TKELi'], 'parent': ['MjxOBJmHoE+UDgt2t'], 'feature': {'id': 'MIdliV8PADYS9uZN+', 'featureType': 'mate', 'suppressed': False, 'featureData': {'mateType': 'REVOLUTE', 'matedEntities': [{'matedOccurrence': ['M3LzZwfW1kt4TKELi'], 'matedCS': {'xAxis': [0.0, 1.0, 0.0], 'yAxis': [0.0, 0.0, 1.0], 'zAxis': [1.0, 0.0, 0.0], 'origin': [0.01, -6.123233995736765e-19, 0.0]}}, {'matedOccurrence': ['MjxOBJmHoE+UDgt2t'], 'matedCS': {'xAxis': [0.0, 1.0, 0.0], 'yAxis': [0.0, -0.0, 1.0], 'zAxis': [1.0, -0.0, -0.0], 'origin': [0.0, 0.05, 3.469446951953614e-18]}}], 'name': 'Revolute 1'}}, 'assemblyInfo': {'fullConfiguration': 'default', 'documentId': '4c123e206d9df8dc2babe3a8', 'assemblyId': '0359c395f75661d6f9b8ab24'}, 'assemblyInstanceId': None, 'child_group': None, 'parent_group': None, 'child_is_part_of_group': False, 'parent_is_part_of_group': False}]
create_parts_tree::relations::[]
create_model::base_part::Group(unique_id=UUID('6d27be8d-0a9a-4bc8-95b3-20268fd87630'), instance_id=['MtC5j/PhtISayxhFN'], instance_id_str='MtC5j/PhtISayxhFN', link_name='base', reference_part=Part(unique_id=UUID('19ad0900-ae8b-4172-a950-9ea6886ba6ca'), instance_id=['MtC5j/PhtISayxhFN'], instance_id_str='MtC5j/PhtISayxhFN', link_name='base_MtC5j/PhtISayxhFN', occurence={'fixed': True, 'hidden': False, 'transform': [0.0, 0.3482150687859533, 0.93741467124768, -0.01741075343929767, 0.0, -0.93741467124768, 0.3482150687859533, 0.046870733562384, 1.0, 0.0, 0.0, -0.009999999999999992, 0.0, 0.0, 0.0, 1.0], 'path': ['MtC5j/PhtISayxhFN'], 'instance': {'isStandardContent': False, 'type': 'Part', 'id': 'MtC5j/PhtISayxhFN', 'name': 'link <1>', 'suppressed': False, 'partId': 'JHD', 'fullConfiguration': 'default', 'configuration': 'default', 'documentId': '4c123e206d9df8dc2babe3a8', 'elementId': 'dc9b79423f2a737a4d812ba1', 'documentMicroversion': 'daefbef2ea40aa17f9d67327'}, 'linkName': None}, transform=[0.0, 0.3482150687859533, 0.93741467124768, -0.01741075343929767, 0.0, -0.93741467124768, 0.3482150687859533, 0.046870733562384, 1.0, 0.0, 0.0, -0.009999999999999992, 0.0, 0.0, 0.0, 1.0], joint=None, parent=None, relative_pose=[]), parts=[Part(unique_id=UUID('19ad0900-ae8b-4172-a950-9ea6886ba6ca'), instance_id=['MtC5j/PhtISayxhFN'], instance_id_str='MtC5j/PhtISayxhFN', link_name='base_MtC5j/PhtISayxhFN', occurence={'fixed': True, 'hidden': False, 'transform': [0.0, 0.3482150687859533, 0.93741467124768, -0.01741075343929767, 0.0, -0.93741467124768, 0.3482150687859533, 0.046870733562384, 1.0, 0.0, 0.0, -0.009999999999999992, 0.0, 0.0, 0.0, 1.0], 'path': ['MtC5j/PhtISayxhFN'], 'instance': {'isStandardContent': False, 'type': 'Part', 'id': 'MtC5j/PhtISayxhFN', 'name': 'link <1>', 'suppressed': False, 'partId': 'JHD', 'fullConfiguration': 'default', 'configuration': 'default', 'documentId': '4c123e206d9df8dc2babe3a8', 'elementId': 'dc9b79423f2a737a4d812ba1', 'documentMicroversion': 'daefbef2ea40aa17f9d67327'}, 'linkName': None}, transform=[0.0, 0.3482150687859533, 0.93741467124768, -0.01741075343929767, 0.0, -0.93741467124768, 0.3482150687859533, 0.046870733562384, 1.0, 0.0, 0.0, -0.009999999999999992, 0.0, 0.0, 0.0, 1.0], joint=None, parent=None, relative_pose=[]), Part(unique_id=UUID('d440020e-eafc-4eb0-9cb0-0c37cc467432'), instance_id=['MjxOBJmHoE+UDgt2t'], instance_id_str='MjxOBJmHoE+UDgt2t', link_name='base_MjxOBJmHoE+UDgt2t', occurence={'fixed': False, 'hidden': False, 'transform': [0.0, -0.3482150687859533, 0.9374146712476804, -0.01741075343929767, 0.0, 0.93741467124768, 0.3482150687859539, 0.046870733562384, -1.0000000000000004, 0.0, 0.0, 0.010000000000000005, 0.0, 0.0, 0.0, 1.0], 'path': ['MjxOBJmHoE+UDgt2t'], 'instance': {'isStandardContent': False, 'type': 'Part', 'id': 'MjxOBJmHoE+UDgt2t', 'name': 'link <2>', 'suppressed': False, 'partId': 'JHD', 'fullConfiguration': 'default', 'configuration': 'default', 'documentId': '4c123e206d9df8dc2babe3a8', 'elementId': 'dc9b79423f2a737a4d812ba1', 'documentMicroversion': 'daefbef2ea40aa17f9d67327'}, 'linkName': None}, transform=[0.0, -0.3482150687859533, 0.9374146712476804, -0.01741075343929767, 0.0, 0.93741467124768, 0.3482150687859539, 0.046870733562384, -1.0000000000000004, 0.0, 0.0, 0.010000000000000005, 0.0, 0.0, 0.0, 1.0], joint=None, parent=None, relative_pose=[])])
[100m base MtC5j/PhtISayxhFN [0m
           |
[100m link M3LzZwfW1kt4TKELi [0m
part.reference_part::link_namebase_MtC5j/PhtISayxhFN
part.reference_part::jointNone
part::link_namelink
[33mWARNING: joint Revolute 1 of type revolute has no limits [0m
